=== company scan cycle 20260505T110020Z (UTC) ===
repo: /Users/treelight/.openclaw/workspace/albis-app
log:  /Users/treelight/.openclaw/workspace/albis-app/logs/company-scan-cycle/20260505T110020Z.log
scan_date: 2026-05-05

[1/3] build-watch-graph
◇ injected env (10) from .env.local // tip: ⌘ custom filepath { path: '/custom/path/.env' }
🔧 Building union watch graph
✅ Done
{
  "clusters_built": 6,
  "scan_targets_upserted": 60,
  "scan_targets_deactivated": 0,
  "cluster_breakdown": {
    "entity_cluster": {
      "canonicals": 15,
      "companies": 3
    },
    "theme_cluster": {
      "canonicals": 22,
      "companies": 3
    },
    "region_cluster": {
      "canonicals": 11,
      "companies": 3
    },
    "sector_cluster": {
      "canonicals": 3,
      "companies": 3
    },
    "commodity_cluster": {
      "canonicals": 1,
      "companies": 1
    },
    "risk_cluster": {
      "canonicals": 8,
      "companies": 3
    }
  }
}

[2/3] run-company-scan
◇ injected env (10) from .env.local // tip: ⌁ auth for agents [www.vestauth.com]
▶ Running company scan: 2026-05-05 window=07-00
{
  "scan_run_id": "aad10e08-8a34-4c39-918b-621e3fa0b338",
  "run_date": "2026-05-05",
  "run_window": "07-00",
  "status": "completed",
  "targets_inspected": 60,
  "signals_extracted": 524,
  "sources_consulted": 458,
  "error_summary": null
}

[3/3] run-company-signal-pipeline
◇ injected env (10) from .env.local // tip: ⌘ multiple files { path: ['.env.local', '.env'] }
🚀 Running company SIGNAL pipeline for 2026-05-05 (lookback=24h)
  ↳ evidence provenance run: aad10e08-8a34-4c39-918b-621e3fa0b338
  ↳ loaded 1000 signals
✅ Loaded 3 company profiles

▶ Processing Lindell Media
  ↳ company-specific retrieval: 18 queries (geopolitical_media)
      cache hit: company-specific
    • geopolitical conflict: 3 result(s)
      cache hit: company-specific
    • reputation narrative: 3 result(s)
      cache hit: company-specific
    • kim jong un: 12 result(s)
      cache hit: company-specific
    • kim il sung: 2 result(s)
      cache hit: company-specific
    • kim yo jong: 1 result(s)
      cache hit: company-specific
    • wang yi: 1 result(s)
      cache hit: company-specific
    • kim jong il: 8 result(s)
      cache hit: company-specific
    • dprk: 12 result(s)
      cache hit: company-specific
    • kim yong nam: 1 result(s)
      cache hit: company-specific
    • hormuz: 12 result(s)
      cache hit: company-specific
    • putin: 12 result(s)
      cache hit: company-specific
    • kremlin: 6 result(s)
      cache hit: company-specific
    • geopolitical media environment: 0 result(s)
      cache hit: company-specific
    • sanctions: 12 result(s)
      cache hit: company-specific
    • media regulation: 12 result(s)
      cache hit: company-specific
    • disinformation: 12 result(s)
      cache hit: company-specific
    • press freedom: 12 result(s)
      cache hit: company-specific
    • cyber technology: 12 result(s)
  Package 10 company-specific retrieval loaded 58 signal(s) from 18 query/queries (geopolitical_media)
  ↳ loaded 32 prior visible scan item(s) for no-repeat checks
  ↳ deep-dive retrieval: 12 follow-up queries
      cache hit: company-deep-dive
    • confirm_core_fact: 8 result(s)
      cache hit: company-deep-dive
    • find_better_sources: 8 result(s)
      cache hit: company-deep-dive
    • find_source_frames: 3 result(s)
      cache hit: company-deep-dive
    • find_stats_or_official_context: 0 result(s)
      cache hit: company-deep-dive
    • confirm_core_fact: 4 result(s)
      cache hit: company-deep-dive
    • find_stats_or_official_context: 4 result(s)
      cache hit: company-deep-dive
    • confirm_core_fact: 8 result(s)
      cache hit: company-deep-dive
    • find_stats_or_official_context: 8 result(s)
      cache hit: company-deep-dive
    • confirm_core_fact: 3 result(s)
      cache hit: company-deep-dive
    • find_better_sources: 8 result(s)
      cache hit: company-deep-dive
    • find_source_frames: 5 result(s)
      cache hit: company-deep-dive
    • find_stats_or_official_context: 8 result(s)
  Package 8 preview selected 24 item(s); QA=dry_run_only, blockers=4
✅ Upserted 58 PGI evidence row(s) for Lindell Media

▶ Processing Evidence & Echoes Genealogy
  ↳ company-specific retrieval: 12 queries (ai_memory_integrity)
    • AI video: 5 result(s)
    • artificial intelligence: 3 result(s)
    • trump: 10 result(s)
    • AI and public memory: 1 result(s)
    • disinformation: 0 result(s)
    • deepfake: 0 result(s)
    • censorship: 0 result(s)
    • journalism: 0 result(s)
    • propaganda: 0 result(s)
    • information warfare: 0 result(s)
    • cybersecurity: 12 result(s)
    • election: 7 result(s)
  Package 10 company-specific retrieval loaded 31 signal(s) from 12 query/queries (ai_memory_integrity)
  ↳ loaded 39 prior visible scan item(s) for no-repeat checks
  ↳ deep-dive retrieval: 12 follow-up queries
    • confirm_core_fact: 0 result(s)
    • find_better_sources: 0 result(s)
    • find_source_frames: 0 result(s)
    • find_stats_or_official_context: 0 result(s)
    • confirm_core_fact: 3 result(s)
    • find_better_sources: 3 result(s)
    • find_source_frames: 1 result(s)
    • find_stats_or_official_context: 8 result(s)
    • find_stats_or_official_context: 8 result(s)
    • confirm_core_fact: 8 result(s)
    • find_better_sources: 8 result(s)
    • find_source_frames: 8 result(s)
  Package 8 preview selected 24 item(s); QA=dry_run_only, blockers=6
✅ Upserted 31 PGI evidence row(s) for Evidence & Echoes Genealogy

▶ Processing Test Company
  ↳ company-specific retrieval: 14 queries (logistics_routes)
    • fertiliser: 12 result(s)
    • semiconductors: 5 result(s)
    • saudi arabia: 12 result(s)
    • route confidence: 12 result(s)
    • shipping routes: 12 result(s)
    • freight rates: 10 result(s)
    • port disruption: 12 result(s)
    • container shortages: 8 result(s)
    • Hormuz Strait: 12 result(s)
    • blockages: 12 result(s)
    • geopolitics: 12 result(s)
    • red sea: 12 result(s)
    • suez canal: 12 result(s)
    • supply chain disruption: 6 result(s)
  Package 10 company-specific retrieval loaded 77 signal(s) from 14 query/queries (logistics_routes)
  ↳ loaded 58 prior visible scan item(s) for no-repeat checks
  ↳ deep-dive retrieval: 12 follow-up queries
    • confirm_core_fact: 1 result(s)
    • find_better_sources: 8 result(s)
    • find_source_frames: 2 result(s)
    • find_stats_or_official_context: 1 result(s)
    • confirm_core_fact: 7 result(s)
    • find_better_sources: 8 result(s)
    • find_source_frames: 1 result(s)
    • find_stats_or_official_context: 0 result(s)
    • confirm_core_fact: 8 result(s)
    • find_better_sources: 6 result(s)
    • find_source_frames: 0 result(s)
    • find_stats_or_official_context: 8 result(s)
  Package 8 preview selected 24 item(s); QA=dry_run_only, blockers=5
✅ Upserted 77 PGI evidence row(s) for Test Company
✅ Verified 3 company_briefings row(s) for 2026-05-05

🎉 Company signal pipeline complete
{
  "scan_date": "2026-05-05",
  "lookback_hours": 24,
  "dry_run": false,
  "signals_loaded": 1000,
  "results": [
    {
      "company_name": "Lindell Media",
      "company_profile_id": "2fcda41e-dbb9-40be-9c86-4ba4659d2e77",
      "signals_considered": 58,
      "signals_selected": 24,
      "signal_level": "moderate",
      "briefing_id": "a1e43e47-f0f9-4079-81c7-a7e98dfa1518",
      "content_version": "company_scanner_report_v1",
      "qa_status": "dry_run_only",
      "qa_blocking_failures": 4,
      "dry_run_would_have_status": "hold",
      "retrieval_mode": "company_specific_retrieval",
      "retrieval_intent": "geopolitical_media",
      "retrieval_queries": 18,
      "retrieval_signals_loaded": 58,
      "deep_dive_signals_added": 45
    },
    {
      "company_name": "Evidence & Echoes Genealogy",
      "company_profile_id": "2f4255d8-e1bb-48fd-8282-ee5c03f10ea2",
      "signals_considered": 31,
      "signals_selected": 24,
      "signal_level": "low",
      "briefing_id": "1d84deb0-2291-42bf-a33e-3722ad2b3b70",
      "content_version": "company_scanner_report_v1",
      "qa_status": "dry_run_only",
      "qa_blocking_failures": 6,
      "dry_run_would_have_status": "hold",
      "retrieval_mode": "company_specific_retrieval",
      "retrieval_intent": "ai_memory_integrity",
      "retrieval_queries": 12,
      "retrieval_signals_loaded": 31,
      "deep_dive_signals_added": 32
    },
    {
      "company_name": "Test Company",
      "company_profile_id": "6330ca52-2e75-49db-8c9a-5d97ad38a28a",
      "signals_considered": 77,
      "signals_selected": 24,
      "signal_level": "low",
      "briefing_id": "d7abca05-fd10-475d-9b3d-e67b95d19ec1",
      "content_version": "company_scanner_report_v1",
      "qa_status": "dry_run_only",
      "qa_blocking_failures": 5,
      "dry_run_would_have_status": "hold",
      "retrieval_mode": "company_specific_retrieval",
      "retrieval_intent": "logistics_routes",
      "retrieval_queries": 14,
      "retrieval_signals_loaded": 77,
      "deep_dive_signals_added": 35
    }
  ]
}

[4/4] delivery skipped (set COMPANY_SCAN_DELIVER_AFTER_GENERATE=1 to send after QA-approved generation)

=== cycle complete ===
