=== company scan cycle 20260501T230018Z (UTC) ===
repo: /Users/treelight/.openclaw/workspace/albis-app
log:  /Users/treelight/.openclaw/workspace/albis-app/logs/company-scan-cycle/20260501T230018Z.log
scan_date: 2026-05-01

[1/3] build-watch-graph
◇ injected env (10) from .env.local // tip: ⌘ enable debugging { debug: true }
🔧 Building union watch graph
✅ Done
{
  "clusters_built": 6,
  "scan_targets_upserted": 60,
  "scan_targets_deactivated": 0,
  "cluster_breakdown": {
    "entity_cluster": {
      "canonicals": 15,
      "companies": 3
    },
    "theme_cluster": {
      "canonicals": 22,
      "companies": 3
    },
    "region_cluster": {
      "canonicals": 11,
      "companies": 3
    },
    "sector_cluster": {
      "canonicals": 3,
      "companies": 3
    },
    "commodity_cluster": {
      "canonicals": 1,
      "companies": 1
    },
    "risk_cluster": {
      "canonicals": 8,
      "companies": 3
    }
  }
}

[2/3] run-company-scan
◇ injected env (10) from .env.local // tip: ⌘ enable debugging { debug: true }
▶ Running company scan: 2026-05-01 window=19-00
{
  "scan_run_id": "a059c41a-d20a-407f-bfb8-081de86a77d1",
  "run_date": "2026-05-01",
  "run_window": "19-00",
  "status": "completed",
  "targets_inspected": 60,
  "signals_extracted": 587,
  "sources_consulted": 533,
  "error_summary": null
}

[3/3] run-company-signal-pipeline
◇ injected env (10) from .env.local // tip: ⌘ multiple files { path: ['.env.local', '.env'] }
🚀 Running company SIGNAL pipeline for 2026-05-01 (lookback=24h)
  ↳ evidence provenance run: a059c41a-d20a-407f-bfb8-081de86a77d1
  ↳ loaded 1000 signals
✅ Loaded 3 company profiles

▶ Processing Lindell Media
  ↳ company-specific retrieval: 18 queries (geopolitical_media)
      cache hit: company-specific
    • geopolitical conflict: 2 result(s)
      cache hit: company-specific
    • reputation narrative: 3 result(s)
      cache hit: company-specific
    • kim jong un: 0 result(s)
      cache hit: company-specific
    • kim il sung: 5 result(s)
      cache hit: company-specific
    • kim yo jong: 0 result(s)
      cache hit: company-specific
    • wang yi: 0 result(s)
      cache hit: company-specific
    • kim jong il: 0 result(s)
      cache hit: company-specific
    • dprk: 12 result(s)
      cache hit: company-specific
    • kim yong nam: 6 result(s)
      cache hit: company-specific
    • hormuz: 8 result(s)
      cache hit: company-specific
    • putin: 4 result(s)
      cache hit: company-specific
    • kremlin: 1 result(s)
      cache hit: company-specific
    • geopolitical media environment: 0 result(s)
      cache hit: company-specific
    • sanctions: 12 result(s)
      cache hit: company-specific
    • media regulation: 12 result(s)
      cache hit: company-specific
    • disinformation: 12 result(s)
      cache hit: company-specific
    • press freedom: 12 result(s)
      cache hit: company-specific
    • cyber technology: 12 result(s)
  Package 10 company-specific retrieval loaded 53 signal(s) from 18 query/queries (geopolitical_media)
  ↳ loaded 8 prior visible scan item(s) for no-repeat checks
  ↳ deep-dive retrieval: 12 follow-up queries
      cache hit: company-deep-dive
    • confirm_core_fact: 8 result(s)
      cache hit: company-deep-dive
    • find_better_sources: 8 result(s)
      cache hit: company-deep-dive
    • find_source_frames: 3 result(s)
      cache hit: company-deep-dive
    • find_stats_or_official_context: 8 result(s)
      cache hit: company-deep-dive
    • confirm_core_fact: 8 result(s)
      cache hit: company-deep-dive
    • find_stats_or_official_context: 7 result(s)
      cache hit: company-deep-dive
    • confirm_core_fact: 5 result(s)
      cache hit: company-deep-dive
    • find_better_sources: 8 result(s)
      cache hit: company-deep-dive
    • find_source_frames: 0 result(s)
      cache hit: company-deep-dive
    • find_stats_or_official_context: 4 result(s)
      cache hit: company-deep-dive
    • confirm_core_fact: 2 result(s)
      cache hit: company-deep-dive
    • find_better_sources: 1 result(s)
  Package 8 preview selected 24 item(s); QA=dry_run_only, blockers=0
✅ Upserted 53 PGI evidence row(s) for Lindell Media

▶ Processing Evidence & Echoes Genealogy
  ↳ company-specific retrieval: 12 queries (ai_memory_integrity)
      cache hit: company-specific
    • AI video: 12 result(s)
      cache hit: company-specific
    • artificial intelligence: 12 result(s)
      cache hit: company-specific
    • trump: 12 result(s)
      cache hit: company-specific
    • AI and public memory: 9 result(s)
      cache hit: company-specific
    • disinformation: 0 result(s)
      cache hit: company-specific
    • deepfake: 0 result(s)
      cache hit: company-specific
    • censorship: 0 result(s)
      cache hit: company-specific
    • journalism: 3 result(s)
      cache hit: company-specific
    • propaganda: 0 result(s)
      cache hit: company-specific
    • information warfare: 0 result(s)
      cache hit: company-specific
    • cybersecurity: 12 result(s)
      cache hit: company-specific
    • election: 12 result(s)
  Package 10 company-specific retrieval loaded 51 signal(s) from 12 query/queries (ai_memory_integrity)
  ↳ loaded 28 prior visible scan item(s) for no-repeat checks
  ↳ deep-dive retrieval: 12 follow-up queries
      cache hit: company-deep-dive
    • confirm_core_fact: 7 result(s)
      cache hit: company-deep-dive
    • find_better_sources: 8 result(s)
      cache hit: company-deep-dive
    • find_source_frames: 0 result(s)
      cache hit: company-deep-dive
    • find_stats_or_official_context: 1 result(s)
      cache hit: company-deep-dive
    • confirm_core_fact: 0 result(s)
      cache hit: company-deep-dive
    • find_better_sources: 0 result(s)
      cache hit: company-deep-dive
    • find_source_frames: 0 result(s)
      cache hit: company-deep-dive
    • find_stats_or_official_context: 2 result(s)
      cache hit: company-deep-dive
    • confirm_core_fact: 8 result(s)
      cache hit: company-deep-dive
    • find_better_sources: 8 result(s)
      cache hit: company-deep-dive
    • find_source_frames: 0 result(s)
      cache hit: company-deep-dive
    • find_stats_or_official_context: 2 result(s)
  Package 8 preview selected 24 item(s); QA=dry_run_only, blockers=0
✅ Upserted 51 PGI evidence row(s) for Evidence & Echoes Genealogy

▶ Processing Test Company
  ↳ company-specific retrieval: 14 queries (logistics_routes)
      cache hit: company-specific
    • fertiliser: 12 result(s)
      cache hit: company-specific
    • semiconductors: 6 result(s)
      cache hit: company-specific
    • saudi arabia: 12 result(s)
      cache hit: company-specific
    • route confidence: 12 result(s)
      cache hit: company-specific
    • shipping routes: 9 result(s)
      cache hit: company-specific
    • freight rates: 5 result(s)
      cache hit: company-specific
    • port disruption: 8 result(s)
      cache hit: company-specific
    • container shortages: 7 result(s)
      cache hit: company-specific
    • Hormuz Strait: 12 result(s)
      cache hit: company-specific
    • blockages: 10 result(s)
      cache hit: company-specific
    • geopolitics: 12 result(s)
      cache hit: company-specific
    • red sea: 7 result(s)
      cache hit: company-specific
    • suez canal: 10 result(s)
      cache hit: company-specific
    • supply chain disruption: 6 result(s)
  Package 10 company-specific retrieval loaded 77 signal(s) from 14 query/queries (logistics_routes)
  ↳ loaded 61 prior visible scan item(s) for no-repeat checks
  ↳ deep-dive retrieval: 12 follow-up queries
      cache hit: company-deep-dive
    • confirm_core_fact: 4 result(s)
      cache hit: company-deep-dive
    • find_better_sources: 8 result(s)
      cache hit: company-deep-dive
    • find_source_frames: 1 result(s)
      cache hit: company-deep-dive
    • find_stats_or_official_context: 3 result(s)
      cache hit: company-deep-dive
    • confirm_core_fact: 4 result(s)
      cache hit: company-deep-dive
    • find_better_sources: 8 result(s)
      cache hit: company-deep-dive
    • find_source_frames: 0 result(s)
      cache hit: company-deep-dive
    • find_stats_or_official_context: 0 result(s)
      cache hit: company-deep-dive
    • confirm_core_fact: 7 result(s)
      cache hit: company-deep-dive
    • find_better_sources: 7 result(s)
      cache hit: company-deep-dive
    • find_source_frames: 1 result(s)
      cache hit: company-deep-dive
    • find_stats_or_official_context: 0 result(s)
  Package 8 preview selected 24 item(s); QA=dry_run_only, blockers=0
✅ Upserted 77 PGI evidence row(s) for Test Company
✅ Verified 3 company_briefings row(s) for 2026-05-01

🎉 Company signal pipeline complete
{
  "scan_date": "2026-05-01",
  "lookback_hours": 24,
  "dry_run": false,
  "signals_loaded": 1000,
  "results": [
    {
      "company_name": "Lindell Media",
      "company_profile_id": "2fcda41e-dbb9-40be-9c86-4ba4659d2e77",
      "signals_considered": 53,
      "signals_selected": 24,
      "signal_level": "low",
      "briefing_id": "44a73e7d-e3b0-4f94-a8f4-796c91db71f3",
      "content_version": "company_scanner_report_v1",
      "qa_status": "dry_run_only",
      "qa_blocking_failures": 0,
      "dry_run_would_have_status": "send",
      "retrieval_mode": "company_specific_retrieval",
      "retrieval_intent": "geopolitical_media",
      "retrieval_queries": 18,
      "retrieval_signals_loaded": 53,
      "deep_dive_signals_added": 45
    },
    {
      "company_name": "Evidence & Echoes Genealogy",
      "company_profile_id": "2f4255d8-e1bb-48fd-8282-ee5c03f10ea2",
      "signals_considered": 51,
      "signals_selected": 24,
      "signal_level": "moderate",
      "briefing_id": "8870a3ef-94ef-45dc-a731-2a78b3220a6c",
      "content_version": "company_scanner_report_v1",
      "qa_status": "dry_run_only",
      "qa_blocking_failures": 0,
      "dry_run_would_have_status": "send",
      "retrieval_mode": "company_specific_retrieval",
      "retrieval_intent": "ai_memory_integrity",
      "retrieval_queries": 12,
      "retrieval_signals_loaded": 51,
      "deep_dive_signals_added": 29
    },
    {
      "company_name": "Test Company",
      "company_profile_id": "6330ca52-2e75-49db-8c9a-5d97ad38a28a",
      "signals_considered": 77,
      "signals_selected": 24,
      "signal_level": "low",
      "briefing_id": "29318f69-046a-4895-8d5e-d2734963cc69",
      "content_version": "company_scanner_report_v1",
      "qa_status": "dry_run_only",
      "qa_blocking_failures": 0,
      "dry_run_would_have_status": "send",
      "retrieval_mode": "company_specific_retrieval",
      "retrieval_intent": "logistics_routes",
      "retrieval_queries": 14,
      "retrieval_signals_loaded": 77,
      "deep_dive_signals_added": 30
    }
  ]
}

=== cycle complete ===
