=== company scan cycle 20260503T230018Z (UTC) ===
repo: /Users/treelight/.openclaw/workspace/albis-app
log:  /Users/treelight/.openclaw/workspace/albis-app/logs/company-scan-cycle/20260503T230018Z.log
scan_date: 2026-05-03

[1/3] build-watch-graph
◇ injected env (10) from .env.local // tip: ⌁ auth for agents [www.vestauth.com]
🔧 Building union watch graph
✅ Done
{
  "clusters_built": 6,
  "scan_targets_upserted": 60,
  "scan_targets_deactivated": 0,
  "cluster_breakdown": {
    "entity_cluster": {
      "canonicals": 15,
      "companies": 3
    },
    "theme_cluster": {
      "canonicals": 22,
      "companies": 3
    },
    "region_cluster": {
      "canonicals": 11,
      "companies": 3
    },
    "sector_cluster": {
      "canonicals": 3,
      "companies": 3
    },
    "commodity_cluster": {
      "canonicals": 1,
      "companies": 1
    },
    "risk_cluster": {
      "canonicals": 8,
      "companies": 3
    }
  }
}

[2/3] run-company-scan
◇ injected env (10) from .env.local // tip: ⌘ multiple files { path: ['.env.local', '.env'] }
▶ Running company scan: 2026-05-03 window=19-00
{
  "scan_run_id": "632970f5-fb8c-478a-ad72-9496c2c1892c",
  "run_date": "2026-05-03",
  "run_window": "19-00",
  "status": "completed",
  "targets_inspected": 60,
  "signals_extracted": 450,
  "sources_consulted": 381,
  "error_summary": null
}

[3/3] run-company-signal-pipeline
◇ injected env (10) from .env.local // tip: ⌘ suppress logs { quiet: true }
🚀 Running company SIGNAL pipeline for 2026-05-03 (lookback=24h)
  ↳ evidence provenance run: 632970f5-fb8c-478a-ad72-9496c2c1892c
  ↳ loaded 1000 signals
✅ Loaded 3 company profiles

▶ Processing Lindell Media
  ↳ company-specific retrieval: 18 queries (geopolitical_media)
      cache hit: company-specific
    • geopolitical conflict: 1 result(s)
      cache hit: company-specific
    • reputation narrative: 1 result(s)
      cache hit: company-specific
    • kim jong un: 1 result(s)
      cache hit: company-specific
    • kim il sung: 1 result(s)
      cache hit: company-specific
    • kim yo jong: 0 result(s)
      cache hit: company-specific
    • wang yi: 1 result(s)
      cache hit: company-specific
    • kim jong il: 2 result(s)
      cache hit: company-specific
    • dprk: 1 result(s)
      cache hit: company-specific
    • kim yong nam: 0 result(s)
      cache hit: company-specific
    • hormuz: 9 result(s)
      cache hit: company-specific
    • putin: 1 result(s)
      cache hit: company-specific
    • kremlin: 1 result(s)
      cache hit: company-specific
    • geopolitical media environment: 0 result(s)
      cache hit: company-specific
    • sanctions: 12 result(s)
      cache hit: company-specific
    • media regulation: 12 result(s)
      cache hit: company-specific
    • disinformation: 12 result(s)
      cache hit: company-specific
    • press freedom: 12 result(s)
      cache hit: company-specific
    • cyber technology: 12 result(s)
  Package 10 company-specific retrieval loaded 45 signal(s) from 18 query/queries (geopolitical_media)
  ↳ loaded 16 prior visible scan item(s) for no-repeat checks
  ↳ deep-dive retrieval: 11 follow-up queries
      cache hit: company-deep-dive
    • confirm_core_fact: 6 result(s)
      cache hit: company-deep-dive
    • find_better_sources: 4 result(s)
      cache hit: company-deep-dive
    • find_source_frames: 3 result(s)
      cache hit: company-deep-dive
    • find_stats_or_official_context: 1 result(s)
      cache hit: company-deep-dive
    • confirm_core_fact: 8 result(s)
      cache hit: company-deep-dive
    • find_better_sources: 6 result(s)
      cache hit: company-deep-dive
    • find_source_frames: 3 result(s)
      cache hit: company-deep-dive
    • find_stats_or_official_context: 1 result(s)
      cache hit: company-deep-dive
    • confirm_core_fact: 2 result(s)
      cache hit: company-deep-dive
    • find_stats_or_official_context: 2 result(s)
      cache hit: company-deep-dive
    • find_stats_or_official_context: 4 result(s)
  Package 8 preview selected 24 item(s); QA=dry_run_only, blockers=0
✅ Upserted 45 PGI evidence row(s) for Lindell Media

▶ Processing Evidence & Echoes Genealogy
  ↳ company-specific retrieval: 12 queries (ai_memory_integrity)
      cache hit: company-specific
    • AI video: 12 result(s)
      cache hit: company-specific
    • artificial intelligence: 12 result(s)
      cache hit: company-specific
    • trump: 9 result(s)
      cache hit: company-specific
    • AI and public memory: 2 result(s)
      cache hit: company-specific
    • disinformation: 0 result(s)
      cache hit: company-specific
    • deepfake: 0 result(s)
      cache hit: company-specific
    • censorship: 0 result(s)
      cache hit: company-specific
    • journalism: 0 result(s)
      cache hit: company-specific
    • propaganda: 0 result(s)
      cache hit: company-specific
    • information warfare: 0 result(s)
      cache hit: company-specific
    • cybersecurity: 12 result(s)
      cache hit: company-specific
    • election: 12 result(s)
  Package 10 company-specific retrieval loaded 39 signal(s) from 12 query/queries (ai_memory_integrity)
  ↳ loaded 39 prior visible scan item(s) for no-repeat checks
  ↳ deep-dive retrieval: 12 follow-up queries
      cache hit: company-deep-dive
    • confirm_core_fact: 7 result(s)
      cache hit: company-deep-dive
    • find_better_sources: 3 result(s)
      cache hit: company-deep-dive
    • find_source_frames: 0 result(s)
      cache hit: company-deep-dive
    • find_stats_or_official_context: 0 result(s)
      cache hit: company-deep-dive
    • confirm_core_fact: 0 result(s)
      cache hit: company-deep-dive
    • find_stats_or_official_context: 0 result(s)
      cache hit: company-deep-dive
    • confirm_core_fact: 0 result(s)
      cache hit: company-deep-dive
    • find_better_sources: 0 result(s)
      cache hit: company-deep-dive
    • find_source_frames: 0 result(s)
      cache hit: company-deep-dive
    • find_stats_or_official_context: 0 result(s)
      cache hit: company-deep-dive
    • confirm_core_fact: 6 result(s)
      cache hit: company-deep-dive
    • find_better_sources: 1 result(s)
  Package 8 preview selected 24 item(s); QA=dry_run_only, blockers=1
✅ Upserted 39 PGI evidence row(s) for Evidence & Echoes Genealogy

▶ Processing Test Company
  ↳ company-specific retrieval: 14 queries (logistics_routes)
      cache hit: company-specific
    • fertiliser: 12 result(s)
      cache hit: company-specific
    • semiconductors: 0 result(s)
      cache hit: company-specific
    • saudi arabia: 12 result(s)
      cache hit: company-specific
    • route confidence: 12 result(s)
      cache hit: company-specific
    • shipping routes: 5 result(s)
      cache hit: company-specific
    • freight rates: 2 result(s)
      cache hit: company-specific
    • port disruption: 5 result(s)
      cache hit: company-specific
    • container shortages: 4 result(s)
      cache hit: company-specific
    • Hormuz Strait: 6 result(s)
      cache hit: company-specific
    • blockages: 5 result(s)
      cache hit: company-specific
    • geopolitics: 8 result(s)
      cache hit: company-specific
    • red sea: 7 result(s)
      cache hit: company-specific
    • suez canal: 5 result(s)
      cache hit: company-specific
    • supply chain disruption: 2 result(s)
  Package 10 company-specific retrieval loaded 52 signal(s) from 14 query/queries (logistics_routes)
  ↳ loaded 70 prior visible scan item(s) for no-repeat checks
  ↳ deep-dive retrieval: 12 follow-up queries
      cache hit: company-deep-dive
    • confirm_core_fact: 0 result(s)
      cache hit: company-deep-dive
    • find_better_sources: 5 result(s)
      cache hit: company-deep-dive
    • find_source_frames: 0 result(s)
      cache hit: company-deep-dive
    • find_stats_or_official_context: 2 result(s)
      cache hit: company-deep-dive
    • confirm_core_fact: 2 result(s)
      cache hit: company-deep-dive
    • find_better_sources: 2 result(s)
      cache hit: company-deep-dive
    • find_source_frames: 0 result(s)
      cache hit: company-deep-dive
    • find_stats_or_official_context: 1 result(s)
      cache hit: company-deep-dive
    • confirm_core_fact: 1 result(s)
      cache hit: company-deep-dive
    • find_better_sources: 8 result(s)
      cache hit: company-deep-dive
    • find_source_frames: 1 result(s)
      cache hit: company-deep-dive
    • find_stats_or_official_context: 1 result(s)
  Package 8 preview selected 24 item(s); QA=dry_run_only, blockers=0
✅ Upserted 52 PGI evidence row(s) for Test Company
✅ Verified 3 company_briefings row(s) for 2026-05-03

🎉 Company signal pipeline complete
{
  "scan_date": "2026-05-03",
  "lookback_hours": 24,
  "dry_run": false,
  "signals_loaded": 1000,
  "results": [
    {
      "company_name": "Lindell Media",
      "company_profile_id": "2fcda41e-dbb9-40be-9c86-4ba4659d2e77",
      "signals_considered": 45,
      "signals_selected": 24,
      "signal_level": "low",
      "briefing_id": "bebf936a-bbe6-4a1b-aa06-93606be6ae29",
      "content_version": "company_scanner_report_v1",
      "qa_status": "dry_run_only",
      "qa_blocking_failures": 0,
      "dry_run_would_have_status": "send",
      "retrieval_mode": "company_specific_retrieval",
      "retrieval_intent": "geopolitical_media",
      "retrieval_queries": 18,
      "retrieval_signals_loaded": 45,
      "deep_dive_signals_added": 23
    },
    {
      "company_name": "Evidence & Echoes Genealogy",
      "company_profile_id": "2f4255d8-e1bb-48fd-8282-ee5c03f10ea2",
      "signals_considered": 39,
      "signals_selected": 24,
      "signal_level": "low",
      "briefing_id": "7db008cd-1f9b-452f-be71-87b0afb4f403",
      "content_version": "company_scanner_report_v1",
      "qa_status": "dry_run_only",
      "qa_blocking_failures": 1,
      "dry_run_would_have_status": "hold",
      "retrieval_mode": "company_specific_retrieval",
      "retrieval_intent": "ai_memory_integrity",
      "retrieval_queries": 12,
      "retrieval_signals_loaded": 39,
      "deep_dive_signals_added": 14
    },
    {
      "company_name": "Test Company",
      "company_profile_id": "6330ca52-2e75-49db-8c9a-5d97ad38a28a",
      "signals_considered": 52,
      "signals_selected": 24,
      "signal_level": "moderate",
      "briefing_id": "86ef99e9-b7ec-4894-869d-d2a80a86a93f",
      "content_version": "company_scanner_report_v1",
      "qa_status": "dry_run_only",
      "qa_blocking_failures": 0,
      "dry_run_would_have_status": "send",
      "retrieval_mode": "company_specific_retrieval",
      "retrieval_intent": "logistics_routes",
      "retrieval_queries": 14,
      "retrieval_signals_loaded": 52,
      "deep_dive_signals_added": 14
    }
  ]
}

=== cycle complete ===
